ARM Linker, 5.03 [Build 76] [MDK-ARM Lite]

==============================================================================

Section Cross References

    test.o(RESET) refers to test.o(MY_CODE) for Reset_Handler
    test.o(MY_CODE) refers to test.o(MY_DATA) for DST


==============================================================================

Image Symbol Table

    Local Symbols

    Symbol Name                              Value     Ov Type        Size  Object(Section)

    RESET                                    0x00000000   Section        8  test.o(RESET)
    test.asm                                 0x00000000   Number         0  test.o ABSOLUTE
    MY_CODE                                  0x00000008   Section       80  test.o(MY_CODE)
    VAL1                                     0x0000003c   Data           8  test.o(MY_CODE)
    VAL2                                     0x00000044   Data           8  test.o(MY_CODE)
    MY_DATA                                  0x10000000   Section       16  test.o(MY_DATA)
    DST                                      0x10000000   Data          16  test.o(MY_DATA)

    Global Symbols

    Symbol Name                              Value     Ov Type        Size  Object(Section)

    BuildAttributes$$THM_ISAv4$P$D$K$B$S$PE$A:L22UL41UL21$X:L11$S22US41US21$IEEE1$IW$USESV6$~STKCKD$USESV7$~SHL$OSPACE$EBA8$STANDARDLIB$PRES8$EABIv2 0x00000000   Number         0  anon$$obj.o ABSOLUTE
    __Vectors                                0x00000000   Data           0  test.o(RESET)
    Reset_Handler                            0x00000009   Thumb Code     0  test.o(MY_CODE)



==============================================================================

Memory Map of the image

  Image Entry point : 0x00000009

  Load Region LR_1 (Base: 0x00000000, Size: 0x00000068, Max: 0xffffffff, ABSOLUTE)

    Execution Region ER_RO (Base: 0x00000000, Size: 0x00000058, Max: 0xffffffff, ABSOLUTE)

    Base Addr    Size         Type   Attr      Idx    E Section Name        Object

    0x00000000   0x00000008   Data   RO            1    RESET               test.o
    0x00000008   0x00000050   Code   RO            2  * MY_CODE             test.o


    Execution Region ER_RW (Base: 0x10000000, Size: 0x00000010, Max: 0xffffffff, ABSOLUTE)

    Base Addr    Size         Type   Attr      Idx    E Section Name        Object

    0x10000000   0x00000010   Data   RW            3    MY_DATA             test.o


    Execution Region ER_ZI (Base: 0x10000010, Size: 0x00000000, Max: 0xffffffff, ABSOLUTE)

    **** No section assigned to this execution region ****


==============================================================================

Image component sizes


      Code (inc. data)   RO Data    RW Data    ZI Data      Debug   Object Name

        80         30          8         16          0        200   test.o

    ----------------------------------------------------------------------
        80         30          8         16          0        200   Object Totals
         0          0          0          0          0          0   (incl. Generated)
         0          0          0          0          0          0   (incl. Padding)

    ----------------------------------------------------------------------
         0          0          0          0          0          0   Library Totals
         0          0          0          0          0          0   (incl. Padding)

    ----------------------------------------------------------------------

==============================================================================


      Code (inc. data)   RO Data    RW Data    ZI Data      Debug   

        80         30          8         16          0        200   Grand Totals
        80         30          8         16          0        200   ELF Image Totals
        80         30          8         16          0          0   ROM Totals

==============================================================================

    Total RO  Size (Code + RO Data)                   88 (   0.09kB)
    Total RW  Size (RW Data + ZI Data)                16 (   0.02kB)
    Total ROM Size (Code + RO Data + RW Data)        104 (   0.10kB)

==============================================================================

