


ARM Macro Assembler    Page 1 


    1 00000000                 AREA             RESET, DATA, READONLY
    2 00000000                 EXPORT           __Vectors
    3 00000000         __Vectors
    4 00000000 10000100        DCD              0x10000100
    5 00000004 00000000        DCD              Reset_Handler
    6 00000008         
    7 00000008                 ALIGN
    8 00000008         
    9 00000008                 AREA             MY_CODE, CODE, READONLY
   10 00000000                 ENTRY
   11 00000000                 EXPORT           Reset_Handler
   12 00000000         Reset_Handler
   13 00000000         
   14 00000000 F04F 0002       MOV              R0, #2      ;
   15 00000004 490F            LDR              R1, =VAL1+4 ;
   16 00000006 4A10            LDR              R2, =VAL2+4 ;
   17 00000008 F04F 0300       MOV              R3, #0      ;
   18 0000000C 4F0F            LDR              R7, =DST+9  ;
   19 0000000E         
   20 0000000E         BACK
   21 0000000E F851 4904       LDR              R4, [R1], #-4 ;
   22 00000012 F852 5904       LDR              R5, [R2], #-4 ;
   23 00000016 EB74 0605       SBCS             R6, R4, R5  ;
   24 0000001A F847 6904       STR              R6, [R7], #-4 ;
   25 0000001E F1A0 0001       SUB              R0, #1      ;
   26 00000022 F090 0F00       TEQ              R0, #0
   27 00000026 D1F2            BNE              BACK
   28 00000028         
   29 00000028 F168 0800       SBC              R8, #0      ;
   30 0000002C F8C7 8000       STR              R8, [R7]    ;
   31 00000030         
   32 00000030         
   33 00000030         
   34 00000030         
   35 00000030         
   36 00000030 E7FE    STOP    B                STOP
   37 00000032 00 00 FFFF1122 
              DCBAE078 VAL1    DCD              0xFFFF1122,0xDCBAE078
   38 0000003C 12413426 
              ABCDEF71 VAL2    DCD              0x12413426, 0xABCDEF71
   39 00000044         
   40 00000044 00000004 
              00000004 
              00000009         AREA             MY_DATA, DATA, READWRITE
   41 00000000 00000000 
              00000000 
              00000000 
              00000000 DST     DCD              0,0,0,0
   42 00000010         
   43 00000010         
   44 00000010                 END
Command Line: --debug --xref --cpu=Cortex-M3 --apcs=interwork --depend=.\test.d
 -o.\test.o -IC:\Keil\ARM\RV31\INC -IC:\Keil\ARM\CMSIS\Include -IC:\Keil\ARM\In
c\NXP\LPC17xx --predefine="__EVAL SETA 1" --list=.\test.lst test.asm



ARM Macro Assembler    Page 1 Alphabetic symbol ordering
Relocatable symbols

RESET 00000000

Symbol: RESET
   Definitions
      At line 1 in file test.asm
   Uses
      None
Comment: RESET unused
__Vectors 00000000

Symbol: __Vectors
   Definitions
      At line 3 in file test.asm
   Uses
      At line 2 in file test.asm
Comment: __Vectors used once
2 symbols



ARM Macro Assembler    Page 1 Alphabetic symbol ordering
Relocatable symbols

BACK 0000000E

Symbol: BACK
   Definitions
      At line 20 in file test.asm
   Uses
      At line 27 in file test.asm
Comment: BACK used once
MY_CODE 00000000

Symbol: MY_CODE
   Definitions
      At line 9 in file test.asm
   Uses
      None
Comment: MY_CODE unused
Reset_Handler 00000000

Symbol: Reset_Handler
   Definitions
      At line 12 in file test.asm
   Uses
      At line 5 in file test.asm
      At line 11 in file test.asm

STOP 00000030

Symbol: STOP
   Definitions
      At line 36 in file test.asm
   Uses
      At line 36 in file test.asm
Comment: STOP used once
VAL1 00000034

Symbol: VAL1
   Definitions
      At line 37 in file test.asm
   Uses
      At line 15 in file test.asm
Comment: VAL1 used once
VAL2 0000003C

Symbol: VAL2
   Definitions
      At line 38 in file test.asm
   Uses
      At line 16 in file test.asm
Comment: VAL2 used once
6 symbols



ARM Macro Assembler    Page 1 Alphabetic symbol ordering
Relocatable symbols

DST 00000000

Symbol: DST
   Definitions
      At line 41 in file test.asm
   Uses
      At line 18 in file test.asm
Comment: DST used once
MY_DATA 00000000

Symbol: MY_DATA
   Definitions
      At line 40 in file test.asm
   Uses
      None
Comment: MY_DATA unused
2 symbols
343 symbols in table
