ARM Linker, 5.03 [Build 76] [MDK-ARM Lite]

==============================================================================

Section Cross References

    q1_v.o(RESET) refers to q1_v.o(MY_CODE) for Reset_Handler
    q1_v.o(MY_CODE) refers to q1_v.o(MY_DATA) for SRC


==============================================================================

Image Symbol Table

    Local Symbols

    Symbol Name                              Value     Ov Type        Size  Object(Section)

    RESET                                    0x00000000   Section        8  q1_v.o(RESET)
    q1_v.asm                                 0x00000000   Number         0  q1_v.o ABSOLUTE
    MY_CODE                                  0x00000008   Section       32  q1_v.o(MY_CODE)
    MY_DATA                                  0x10000000   Section       80  q1_v.o(MY_DATA)
    SRC                                      0x10000000   Data          40  q1_v.o(MY_DATA)

    Global Symbols

    Symbol Name                              Value     Ov Type        Size  Object(Section)

    BuildAttributes$$THM_ISAv4$P$D$K$B$S$PE$A:L22UL41UL21$X:L11$S22US41US21$IEEE1$IW$USESV6$~STKCKD$USESV7$~SHL$OSPACE$EBA8$STANDARDLIB$PRES8$EABIv2 0x00000000   Number         0  anon$$obj.o ABSOLUTE
    __Vectors                                0x00000000   Data           0  q1_v.o(RESET)
    Reset_Handler                            0x00000009   Thumb Code     0  q1_v.o(MY_CODE)



==============================================================================

Memory Map of the image

  Image Entry point : 0x00000009

  Load Region LR_1 (Base: 0x00000000, Size: 0x00000078, Max: 0xffffffff, ABSOLUTE)

    Execution Region ER_RO (Base: 0x00000000, Size: 0x00000028, Max: 0xffffffff, ABSOLUTE)

    Base Addr    Size         Type   Attr      Idx    E Section Name        Object

    0x00000000   0x00000008   Data   RO            1    RESET               q1_v.o
    0x00000008   0x00000020   Code   RO            2  * MY_CODE             q1_v.o


    Execution Region ER_RW (Base: 0x10000000, Size: 0x00000050, Max: 0xffffffff, ABSOLUTE)

    Base Addr    Size         Type   Attr      Idx    E Section Name        Object

    0x10000000   0x00000050   Data   RW            3    MY_DATA             q1_v.o


    Execution Region ER_ZI (Base: 0x10000050, Size: 0x00000000, Max: 0xffffffff, ABSOLUTE)

    **** No section assigned to this execution region ****


==============================================================================

Image component sizes


      Code (inc. data)   RO Data    RW Data    ZI Data      Debug   Object Name

        32         10          8         80          0        204   q1_v.o

    ----------------------------------------------------------------------
        32         10          8         80          0        204   Object Totals
         0          0          0          0          0          0   (incl. Generated)
         0          0          0          0          0          0   (incl. Padding)

    ----------------------------------------------------------------------
         0          0          0          0          0          0   Library Totals
         0          0          0          0          0          0   (incl. Padding)

    ----------------------------------------------------------------------

==============================================================================


      Code (inc. data)   RO Data    RW Data    ZI Data      Debug   

        32         10          8         80          0        204   Grand Totals
        32         10          8         80          0        204   ELF Image Totals
        32         10          8         80          0          0   ROM Totals

==============================================================================

    Total RO  Size (Code + RO Data)                   40 (   0.04kB)
    Total RW  Size (RW Data + ZI Data)                80 (   0.08kB)
    Total ROM Size (Code + RO Data + RW Data)        120 (   0.12kB)

==============================================================================

